[2026-06-11T09:30:01Z] Telegram production capture start
--- coinglass_alerts limit=20 ---
{
  "module_id": "collector_telegram",
  "run_id": "20260611T093001Z-6de9f301",
  "channels": [
    "coinglass_alerts"
  ],
  "messages_total": 20,
  "channels_succeeded": 1,
  "channels_failed": 0,
  "failed_list": [],
  "channel_results_path": "/home/fantome/opt-trading-clean/modules/collector_telegram/outputs/channel_results/channel_results_20260611T093001Z-6de9f301.json",
  "status_path": "/home/fantome/opt-trading-clean/modules/collector_telegram/outputs/status.json"
}

--- whale_alert_io limit=20 ---
{
  "module_id": "collector_telegram",
  "run_id": "20260611T093002Z-5a4c8a87",
  "channels": [
    "whale_alert_io"
  ],
  "messages_total": 20,
  "channels_succeeded": 1,
  "channels_failed": 0,
  "failed_list": [],
  "channel_results_path": "/home/fantome/opt-trading-clean/modules/collector_telegram/outputs/channel_results/channel_results_20260611T093002Z-5a4c8a87.json",
  "status_path": "/home/fantome/opt-trading-clean/modules/collector_telegram/outputs/status.json"
}

--- cryptoquant_official limit=20 ---
{
  "module_id": "collector_telegram",
  "run_id": "20260611T093003Z-9b60f7ad",
  "channels": [
    "cryptoquant_official"
  ],
  "messages_total": 20,
  "channels_succeeded": 1,
  "channels_failed": 0,
  "failed_list": [],
  "channel_results_path": "/home/fantome/opt-trading-clean/modules/collector_telegram/outputs/channel_results/channel_results_20260611T093003Z-9b60f7ad.json",
  "status_path": "/home/fantome/opt-trading-clean/modules/collector_telegram/outputs/status.json"
}
[2026-06-11T09:30:04Z] Telegram production capture end
