[2026-06-03T09:30:01Z] Telegram production capture start
--- coinglass_alerts limit=20 ---
{
  "module_id": "collector_telegram",
  "run_id": "20260603T093001Z-d5ab5edb",
  "channels": [
    "coinglass_alerts"
  ],
  "messages_total": 20,
  "channel_results_path": "/home/fantome/opt-trading-clean/modules/collector_telegram/outputs/channel_results/channel_results_20260603T093001Z-d5ab5edb.json",
  "status_path": "/home/fantome/opt-trading-clean/modules/collector_telegram/outputs/status.json"
}

--- whale_alert_io limit=20 ---
{
  "module_id": "collector_telegram",
  "run_id": "20260603T093002Z-151eb5fe",
  "channels": [
    "whale_alert_io"
  ],
  "messages_total": 20,
  "channel_results_path": "/home/fantome/opt-trading-clean/modules/collector_telegram/outputs/channel_results/channel_results_20260603T093002Z-151eb5fe.json",
  "status_path": "/home/fantome/opt-trading-clean/modules/collector_telegram/outputs/status.json"
}

--- cryptoquant_official limit=20 ---
{
  "module_id": "collector_telegram",
  "run_id": "20260603T093003Z-da9493e7",
  "channels": [
    "cryptoquant_official"
  ],
  "messages_total": 20,
  "channel_results_path": "/home/fantome/opt-trading-clean/modules/collector_telegram/outputs/channel_results/channel_results_20260603T093003Z-da9493e7.json",
  "status_path": "/home/fantome/opt-trading-clean/modules/collector_telegram/outputs/status.json"
}
[2026-06-03T09:30:04Z] Telegram production capture end
