[2026-06-11T07:30:01Z] Telegram production capture start
--- coinglass_alerts limit=20 ---
{
  "module_id": "collector_telegram",
  "run_id": "20260611T073001Z-75f079c2",
  "channels": [
    "coinglass_alerts"
  ],
  "messages_total": 20,
  "channels_succeeded": 1,
  "channels_failed": 0,
  "failed_list": [],
  "channel_results_path": "/home/fantome/opt-trading-clean/modules/collector_telegram/outputs/channel_results/channel_results_20260611T073001Z-75f079c2.json",
  "status_path": "/home/fantome/opt-trading-clean/modules/collector_telegram/outputs/status.json"
}

--- whale_alert_io limit=20 ---
{
  "module_id": "collector_telegram",
  "run_id": "20260611T073002Z-0d0344ca",
  "channels": [
    "whale_alert_io"
  ],
  "messages_total": 20,
  "channels_succeeded": 1,
  "channels_failed": 0,
  "failed_list": [],
  "channel_results_path": "/home/fantome/opt-trading-clean/modules/collector_telegram/outputs/channel_results/channel_results_20260611T073002Z-0d0344ca.json",
  "status_path": "/home/fantome/opt-trading-clean/modules/collector_telegram/outputs/status.json"
}

--- cryptoquant_official limit=20 ---
{
  "module_id": "collector_telegram",
  "run_id": "20260611T073003Z-ec200245",
  "channels": [
    "cryptoquant_official"
  ],
  "messages_total": 20,
  "channels_succeeded": 1,
  "channels_failed": 0,
  "failed_list": [],
  "channel_results_path": "/home/fantome/opt-trading-clean/modules/collector_telegram/outputs/channel_results/channel_results_20260611T073003Z-ec200245.json",
  "status_path": "/home/fantome/opt-trading-clean/modules/collector_telegram/outputs/status.json"
}
[2026-06-11T07:30:04Z] Telegram production capture end
