[2026-06-06T02:30:01Z] Telegram production capture start
--- coinglass_alerts limit=20 ---
database is locked
Task was destroyed but it is pending!
task: <Task pending name='Task-3' coro=<Connection._send_loop() done, defined at /home/fantome/opt-trading-clean/venv/lib/python3.11/site-packages/telethon/network/connection/connection.py:316> wait_for=<Future cancelled>>
Exception ignored in: <coroutine object Connection._recv_loop at 0x7f3b08697100>
RuntimeError: coroutine ignored GeneratorExit
Task was destroyed but it is pending!
task: <Task pending name='Task-4' coro=<Connection._recv_loop() running at /home/fantome/opt-trading-clean/venv/lib/python3.11/site-packages/telethon/network/connection/connection.py:361> wait_for=<Future pending cb=[Task.task_wakeup()]>>
Task was destroyed but it is pending!
task: <Task pending name='Task-5' coro=<MTProtoSender._send_loop() done, defined at /home/fantome/opt-trading-clean/venv/lib/python3.11/site-packages/telethon/network/mtprotosender.py:452> wait_for=<Future pending cb=[Task.task_wakeup()]>>
Task was destroyed but it is pending!
task: <Task pending name='Task-6' coro=<MTProtoSender._recv_loop() done, defined at /home/fantome/opt-trading-clean/venv/lib/python3.11/site-packages/telethon/network/mtprotosender.py:503> wait_for=<Future cancelled>>

--- whale_alert_io limit=20 ---
database is locked
Task was destroyed but it is pending!
task: <Task pending name='Task-3' coro=<Connection._send_loop() done, defined at /home/fantome/opt-trading-clean/venv/lib/python3.11/site-packages/telethon/network/connection/connection.py:316> wait_for=<Future cancelled>>
Exception ignored in: <coroutine object Connection._recv_loop at 0x7f8ca7abb100>
RuntimeError: coroutine ignored GeneratorExit
Task was destroyed but it is pending!
task: <Task pending name='Task-4' coro=<Connection._recv_loop() running at /home/fantome/opt-trading-clean/venv/lib/python3.11/site-packages/telethon/network/connection/connection.py:361> wait_for=<Future pending cb=[Task.task_wakeup()]>>
Task was destroyed but it is pending!
task: <Task pending name='Task-5' coro=<MTProtoSender._send_loop() done, defined at /home/fantome/opt-trading-clean/venv/lib/python3.11/site-packages/telethon/network/mtprotosender.py:452> wait_for=<Future pending cb=[Task.task_wakeup()]>>
Task was destroyed but it is pending!
task: <Task pending name='Task-6' coro=<MTProtoSender._recv_loop() done, defined at /home/fantome/opt-trading-clean/venv/lib/python3.11/site-packages/telethon/network/mtprotosender.py:503> wait_for=<Future cancelled>>

--- cryptoquant_official limit=20 ---
Attempt 1 at connecting failed: OSError: [Errno 113] Connect call failed ('149.154.175.56', 443)
Attempt 2 at connecting failed: OSError: [Errno 113] Connect call failed ('149.154.175.56', 443)
Attempt 3 at connecting failed: OSError: [Errno 113] Connect call failed ('149.154.175.56', 443)
Attempt 4 at connecting failed: OSError: [Errno 113] Connect call failed ('149.154.175.56', 443)
database is locked
Task was destroyed but it is pending!
task: <Task pending name='Task-7' coro=<Connection._send_loop() done, defined at /home/fantome/opt-trading-clean/venv/lib/python3.11/site-packages/telethon/network/connection/connection.py:316> wait_for=<Future cancelled>>
Exception ignored in: <coroutine object Connection._recv_loop at 0x7fc5a6180400>
RuntimeError: coroutine ignored GeneratorExit
Task was destroyed but it is pending!
task: <Task pending name='Task-8' coro=<Connection._recv_loop() running at /home/fantome/opt-trading-clean/venv/lib/python3.11/site-packages/telethon/network/connection/connection.py:361> wait_for=<Future pending cb=[Task.task_wakeup()]>>
Task was destroyed but it is pending!
task: <Task pending name='Task-9' coro=<MTProtoSender._send_loop() done, defined at /home/fantome/opt-trading-clean/venv/lib/python3.11/site-packages/telethon/network/mtprotosender.py:452> wait_for=<Future pending cb=[Task.task_wakeup()]>>
Task was destroyed but it is pending!
task: <Task pending name='Task-10' coro=<MTProtoSender._recv_loop() done, defined at /home/fantome/opt-trading-clean/venv/lib/python3.11/site-packages/telethon/network/mtprotosender.py:503> wait_for=<Future cancelled>>
