[2026-06-03T09:00:01Z] Telegram production capture start
--- coinglass_alerts limit=20 ---
{
  "module_id": "collector_telegram",
  "run_id": "20260603T090002Z-c841f973",
  "channels": [
    "coinglass_alerts"
  ],
  "messages_total": 20,
  "channel_results_path": "/home/fantome/opt-trading-clean/modules/collector_telegram/outputs/channel_results/channel_results_20260603T090002Z-c841f973.json",
  "status_path": "/home/fantome/opt-trading-clean/modules/collector_telegram/outputs/status.json"
}

--- whale_alert_io limit=20 ---
{
  "module_id": "collector_telegram",
  "run_id": "20260603T090003Z-bd7b847d",
  "channels": [
    "whale_alert_io"
  ],
  "messages_total": 20,
  "channel_results_path": "/home/fantome/opt-trading-clean/modules/collector_telegram/outputs/channel_results/channel_results_20260603T090003Z-bd7b847d.json",
  "status_path": "/home/fantome/opt-trading-clean/modules/collector_telegram/outputs/status.json"
}

--- cryptoquant_official limit=20 ---
{
  "module_id": "collector_telegram",
  "run_id": "20260603T090004Z-744a919b",
  "channels": [
    "cryptoquant_official"
  ],
  "messages_total": 20,
  "channel_results_path": "/home/fantome/opt-trading-clean/modules/collector_telegram/outputs/channel_results/channel_results_20260603T090004Z-744a919b.json",
  "status_path": "/home/fantome/opt-trading-clean/modules/collector_telegram/outputs/status.json"
}
[2026-06-03T09:00:05Z] Telegram production capture end
