[2026-06-11T07:00:01Z] Telegram production capture start
--- coinglass_alerts limit=20 ---
{
  "module_id": "collector_telegram",
  "run_id": "20260611T070001Z-ab0ee629",
  "channels": [
    "coinglass_alerts"
  ],
  "messages_total": 20,
  "channels_succeeded": 1,
  "channels_failed": 0,
  "failed_list": [],
  "channel_results_path": "/home/fantome/opt-trading-clean/modules/collector_telegram/outputs/channel_results/channel_results_20260611T070001Z-ab0ee629.json",
  "status_path": "/home/fantome/opt-trading-clean/modules/collector_telegram/outputs/status.json"
}

--- whale_alert_io limit=20 ---
{
  "module_id": "collector_telegram",
  "run_id": "20260611T070002Z-9c743aa8",
  "channels": [
    "whale_alert_io"
  ],
  "messages_total": 20,
  "channels_succeeded": 1,
  "channels_failed": 0,
  "failed_list": [],
  "channel_results_path": "/home/fantome/opt-trading-clean/modules/collector_telegram/outputs/channel_results/channel_results_20260611T070002Z-9c743aa8.json",
  "status_path": "/home/fantome/opt-trading-clean/modules/collector_telegram/outputs/status.json"
}

--- cryptoquant_official limit=20 ---
{
  "module_id": "collector_telegram",
  "run_id": "20260611T070003Z-257137bf",
  "channels": [
    "cryptoquant_official"
  ],
  "messages_total": 20,
  "channels_succeeded": 1,
  "channels_failed": 0,
  "failed_list": [],
  "channel_results_path": "/home/fantome/opt-trading-clean/modules/collector_telegram/outputs/channel_results/channel_results_20260611T070003Z-257137bf.json",
  "status_path": "/home/fantome/opt-trading-clean/modules/collector_telegram/outputs/status.json"
}
[2026-06-11T07:00:04Z] Telegram production capture end
