[2026-06-11T10:00:01Z] Telegram production capture start
--- coinglass_alerts limit=20 ---
{
  "module_id": "collector_telegram",
  "run_id": "20260611T100001Z-f822b87b",
  "channels": [
    "coinglass_alerts"
  ],
  "messages_total": 20,
  "channels_succeeded": 1,
  "channels_failed": 0,
  "failed_list": [],
  "channel_results_path": "/home/fantome/opt-trading-clean/modules/collector_telegram/outputs/channel_results/channel_results_20260611T100001Z-f822b87b.json",
  "status_path": "/home/fantome/opt-trading-clean/modules/collector_telegram/outputs/status.json"
}

--- whale_alert_io limit=20 ---
Server closed the connection: 0 bytes read on a total of 8 expected bytes
Server resent the older message 7650075897674233857, ignoring
{
  "module_id": "collector_telegram",
  "run_id": "20260611T100002Z-730635c1",
  "channels": [
    "whale_alert_io"
  ],
  "messages_total": 20,
  "channels_succeeded": 1,
  "channels_failed": 0,
  "failed_list": [],
  "channel_results_path": "/home/fantome/opt-trading-clean/modules/collector_telegram/outputs/channel_results/channel_results_20260611T100002Z-730635c1.json",
  "status_path": "/home/fantome/opt-trading-clean/modules/collector_telegram/outputs/status.json"
}

--- cryptoquant_official limit=20 ---
{
  "module_id": "collector_telegram",
  "run_id": "20260611T100136Z-f13d6448",
  "channels": [
    "cryptoquant_official"
  ],
  "messages_total": 20,
  "channels_succeeded": 1,
  "channels_failed": 0,
  "failed_list": [],
  "channel_results_path": "/home/fantome/opt-trading-clean/modules/collector_telegram/outputs/channel_results/channel_results_20260611T100136Z-f13d6448.json",
  "status_path": "/home/fantome/opt-trading-clean/modules/collector_telegram/outputs/status.json"
}
[2026-06-11T10:01:37Z] Telegram production capture end
