[2026-06-11T09:00:01Z] Telegram production capture start
--- coinglass_alerts limit=20 ---
{
  "module_id": "collector_telegram",
  "run_id": "20260611T090001Z-ad020015",
  "channels": [
    "coinglass_alerts"
  ],
  "messages_total": 20,
  "channels_succeeded": 1,
  "channels_failed": 0,
  "failed_list": [],
  "channel_results_path": "/home/fantome/opt-trading-clean/modules/collector_telegram/outputs/channel_results/channel_results_20260611T090001Z-ad020015.json",
  "status_path": "/home/fantome/opt-trading-clean/modules/collector_telegram/outputs/status.json"
}

--- whale_alert_io limit=20 ---
{
  "module_id": "collector_telegram",
  "run_id": "20260611T090002Z-760eee32",
  "channels": [
    "whale_alert_io"
  ],
  "messages_total": 20,
  "channels_succeeded": 1,
  "channels_failed": 0,
  "failed_list": [],
  "channel_results_path": "/home/fantome/opt-trading-clean/modules/collector_telegram/outputs/channel_results/channel_results_20260611T090002Z-760eee32.json",
  "status_path": "/home/fantome/opt-trading-clean/modules/collector_telegram/outputs/status.json"
}

--- cryptoquant_official limit=20 ---
{
  "module_id": "collector_telegram",
  "run_id": "20260611T090003Z-cac0ebb5",
  "channels": [
    "cryptoquant_official"
  ],
  "messages_total": 20,
  "channels_succeeded": 1,
  "channels_failed": 0,
  "failed_list": [],
  "channel_results_path": "/home/fantome/opt-trading-clean/modules/collector_telegram/outputs/channel_results/channel_results_20260611T090003Z-cac0ebb5.json",
  "status_path": "/home/fantome/opt-trading-clean/modules/collector_telegram/outputs/status.json"
}
[2026-06-11T09:00:03Z] Telegram production capture end
