[2026-06-04T20:30:01Z] Telegram production capture start
--- coinglass_alerts limit=20 ---
{
  "module_id": "collector_telegram",
  "run_id": "20260604T203001Z-70849b09",
  "channels": [
    "coinglass_alerts"
  ],
  "messages_total": 20,
  "channel_results_path": "/home/fantome/opt-trading-clean/modules/collector_telegram/outputs/channel_results/channel_results_20260604T203001Z-70849b09.json",
  "status_path": "/home/fantome/opt-trading-clean/modules/collector_telegram/outputs/status.json"
}

--- whale_alert_io limit=20 ---
{
  "module_id": "collector_telegram",
  "run_id": "20260604T203002Z-8aa308b1",
  "channels": [
    "whale_alert_io"
  ],
  "messages_total": 20,
  "channel_results_path": "/home/fantome/opt-trading-clean/modules/collector_telegram/outputs/channel_results/channel_results_20260604T203002Z-8aa308b1.json",
  "status_path": "/home/fantome/opt-trading-clean/modules/collector_telegram/outputs/status.json"
}

--- cryptoquant_official limit=20 ---
{
  "module_id": "collector_telegram",
  "run_id": "20260604T203003Z-1cc439fb",
  "channels": [
    "cryptoquant_official"
  ],
  "messages_total": 20,
  "channel_results_path": "/home/fantome/opt-trading-clean/modules/collector_telegram/outputs/channel_results/channel_results_20260604T203003Z-1cc439fb.json",
  "status_path": "/home/fantome/opt-trading-clean/modules/collector_telegram/outputs/status.json"
}
[2026-06-04T20:30:04Z] Telegram production capture end
