[2026-06-04T13:00:01Z] Telegram production capture start
--- coinglass_alerts limit=20 ---
{
  "module_id": "collector_telegram",
  "run_id": "20260604T130001Z-50f38d39",
  "channels": [
    "coinglass_alerts"
  ],
  "messages_total": 20,
  "channel_results_path": "/home/fantome/opt-trading-clean/modules/collector_telegram/outputs/channel_results/channel_results_20260604T130001Z-50f38d39.json",
  "status_path": "/home/fantome/opt-trading-clean/modules/collector_telegram/outputs/status.json"
}

--- whale_alert_io limit=20 ---
{
  "module_id": "collector_telegram",
  "run_id": "20260604T130002Z-681e5591",
  "channels": [
    "whale_alert_io"
  ],
  "messages_total": 20,
  "channel_results_path": "/home/fantome/opt-trading-clean/modules/collector_telegram/outputs/channel_results/channel_results_20260604T130002Z-681e5591.json",
  "status_path": "/home/fantome/opt-trading-clean/modules/collector_telegram/outputs/status.json"
}

--- cryptoquant_official limit=20 ---
{
  "module_id": "collector_telegram",
  "run_id": "20260604T130003Z-104bdf51",
  "channels": [
    "cryptoquant_official"
  ],
  "messages_total": 20,
  "channel_results_path": "/home/fantome/opt-trading-clean/modules/collector_telegram/outputs/channel_results/channel_results_20260604T130003Z-104bdf51.json",
  "status_path": "/home/fantome/opt-trading-clean/modules/collector_telegram/outputs/status.json"
}
[2026-06-04T13:00:04Z] Telegram production capture end
