[2026-06-03T05:49:56Z] Telegram production capture start
--- coinglass_alerts limit=20 ---
{
  "module_id": "collector_telegram",
  "run_id": "20260603T054956Z-6cc6bba8",
  "channels": [
    "coinglass_alerts"
  ],
  "messages_total": 20,
  "channel_results_path": "/home/fantome/opt-trading-clean/modules/collector_telegram/outputs/channel_results/channel_results_20260603T054956Z-6cc6bba8.json",
  "status_path": "/home/fantome/opt-trading-clean/modules/collector_telegram/outputs/status.json"
}

--- whale_alert_io limit=20 ---
{
  "module_id": "collector_telegram",
  "run_id": "20260603T054957Z-fb9aab0d",
  "channels": [
    "whale_alert_io"
  ],
  "messages_total": 20,
  "channel_results_path": "/home/fantome/opt-trading-clean/modules/collector_telegram/outputs/channel_results/channel_results_20260603T054957Z-fb9aab0d.json",
  "status_path": "/home/fantome/opt-trading-clean/modules/collector_telegram/outputs/status.json"
}

--- cryptoquant_official limit=20 ---
{
  "module_id": "collector_telegram",
  "run_id": "20260603T054958Z-2890ec51",
  "channels": [
    "cryptoquant_official"
  ],
  "messages_total": 20,
  "channel_results_path": "/home/fantome/opt-trading-clean/modules/collector_telegram/outputs/channel_results/channel_results_20260603T054958Z-2890ec51.json",
  "status_path": "/home/fantome/opt-trading-clean/modules/collector_telegram/outputs/status.json"
}
[2026-06-03T05:49:59Z] Telegram production capture end
